{"user_id": 1, "longitude": -19.123989, "name": "Tim Berners-Lee", "latitude": 45.231932}
{"user_id": 2, "longitude": -12.127389, "name": "Woz", "latitude": 23.412435}
{"user_id": 3, "longitude": -0.12389, "name": "Vint Cerf", "latitude": 55.123546}
